<html>
<body>
<pre>
<h1>µVision Build Log</h1>
<h2>Tool Versions:</h2>
IDE-Version: µVision V5.17.0.0
Copyright (C) 2015 ARM Ltd and ARM Germany GmbH. All rights reserved.
License Information: Tran Quoc Thi, UIT, LIC=----
 
Tool Versions:
Toolchain:       MDK-Lite  Version: 5.17
Toolchain Path:  C:\Keil_v5\ARM\ARMCC\Bin
C Compiler:      Armcc.exe V5.06 update 1 (build 61)
Assembler:       Armasm.exe V5.06 update 1 (build 61)
Linker/Locator:  ArmLink.exe V5.06 update 1 (build 61)
Library Manager: ArmAr.exe V5.06 update 1 (build 61)
Hex Converter:   FromElf.exe V5.06 update 1 (build 61)
CPU DLL:         SARMCM3.DLL V5.17
Dialog DLL:      DARMCM1.DLL V1.12.0.0
Target DLL:      UL2CM3.DLL V1.156.1.0
Dialog DLL:      TARMCM1.DLL V1.9.0.0
 
<h2>Project:</h2>
E:\Online_Project\Lap Trinh Nhung Can Ban\Code_Resposity\DoAn_LTN\Source_Code\NUC140_Code.uvprojx
Project File Date:  10/22/2018

<h2>Output:</h2>
*** Using Compiler 'V5.06 update 1 (build 61)', folder: 'C:\Keil_v5\ARM\ARMCC\Bin'
Build target 'Target 1'
compiling uart_ESP8266.c...
uart_ESP8266.h(17): warning:  #1295-D: Deprecated declaration UART_config - give arg types
  void UART_config();
uart_ESP8266.c(16): warning:  #177-D: variable "i" was declared but never referenced
  	uint8_t i;
uart_ESP8266.c(49): warning:  #167-D: argument of type "void (*)(void)" is incompatible with parameter of type "PFN_DRVUART_CALLBACK *"
  	DrvUART_EnableInt(UART_PORT0, DRVUART_RDAINT, UART_INT_HANDLE);  	
uart_ESP8266.c: 3 warnings, 0 errors
compiling main.c...
uart_ESP8266.h(17): warning:  #1295-D: Deprecated declaration UART_config - give arg types
  void UART_config();
main.c: 1 warning, 0 errors
linking...
Program Size: Code=768 RO-data=224 RW-data=36 ZI-data=1124  
".\Objects\NUC140_Code.axf" - 0 Error(s), 4 Warning(s).

<h2>Collection of Component include folders:</h2>
  E:\Online_Project\Lap Trinh Nhung Can Ban\Code_Resposity\DoAn_LTN\Source_Code\RTE
  C:\Keil_v5\ARM\PACK\Nuvoton\NuMicro_DFP\1.3.2\Device\NUC100\Include

<h2>Collection of Component Files used:</h2>
Build Time Elapsed:  00:00:00
</pre>
</body>
</html>
